[0m10:49:48.460652 [debug] [MainThread]: Sending event: {'category': 'dbt', 'action': 'invocation', 'label': 'start', 'context': [<snowplow_tracker.self_describing_json.SelfDescribingJson object at 0x107c76b50>, <snowplow_tracker.self_describing_json.SelfDescribingJson object at 0x109140730>, <snowplow_tracker.self_describing_json.SelfDescribingJson object at 0x109140550>]}


============================== 10:49:48.462891 | 139939f5-5b83-4ae7-b77b-7bf222b4cee9 ==============================
[0m10:49:48.462891 [info ] [MainThread]: Running with dbt=1.10.22
[0m10:49:48.463119 [debug] [MainThread]: running dbt with arguments {'debug': 'False', 'log_cache_events': 'False', 'cache_selected_only': 'False', 'fail_fast': 'False', 'log_format': 'default', 'use_colors': 'True', 'warn_error': 'None', 'target_path': 'None', 'log_path': 'logs', 'write_json': 'True', 'empty': 'None', 'printer_width': '80', 'warn_error_options': 'WarnErrorOptionsV2(error=[], warn=[], silence=[])', 'indirect_selection': 'eager', 'no_print': 'None', 'invocation_command': 'dbt seed', 'partial_parse': 'True', 'version_check': 'True', 'quiet': 'False', 'profiles_dir': '/Users/neofirst/.dbt', 'use_experimental_parser': 'False', 'introspect': 'True', 'static_parser': 'True', 'send_anonymous_usage_stats': 'True'}
[0m10:49:48.463347 [error] [MainThread]: Encountered an error:
Runtime Error
  No dbt_project.yml found at expected path /Users/neofirst/Library/Mobile Documents/com~apple~CloudDocs/20xx My Projects/pingpin-context/dbt_project.yml
  Verify that each entry within packages.yml (and their transitive dependencies) contains a file named dbt_project.yml
  
[0m10:49:48.464930 [debug] [MainThread]: Resource report: {"command_name": "seed", "command_success": false, "command_wall_clock_time": 0.038839918, "process_in_blocks": "0", "process_kernel_time": 0.116871, "process_mem_max_rss": "96632832", "process_out_blocks": "0", "process_user_time": 0.559419}
[0m10:49:48.465110 [debug] [MainThread]: Command `dbt seed` failed at 10:49:48.465069 after 0.04 seconds
[0m10:49:48.465245 [debug] [MainThread]: Sending event: {'category': 'dbt', 'action': 'invocation', 'label': 'end', 'context': [<snowplow_tracker.self_describing_json.SelfDescribingJson object at 0x107c76b50>, <snowplow_tracker.self_describing_json.SelfDescribingJson object at 0x10911faf0>, <snowplow_tracker.self_describing_json.SelfDescribingJson object at 0x10911fcd0>]}
[0m10:49:48.465384 [debug] [MainThread]: Flushing usage events
[0m10:49:48.723673 [debug] [MainThread]: An error was encountered while trying to flush usage events
[0m10:52:54.533724 [debug] [MainThread]: Sending event: {'category': 'dbt', 'action': 'invocation', 'label': 'start', 'context': [<snowplow_tracker.self_describing_json.SelfDescribingJson object at 0x109d52a90>, <snowplow_tracker.self_describing_json.SelfDescribingJson object at 0x10b213730>, <snowplow_tracker.self_describing_json.SelfDescribingJson object at 0x10b213550>]}


============================== 10:52:54.536612 | ef58600b-81ba-4255-88c0-8f0f04953356 ==============================
[0m10:52:54.536612 [info ] [MainThread]: Running with dbt=1.10.22
[0m10:52:54.536890 [debug] [MainThread]: running dbt with arguments {'write_json': 'True', 'fail_fast': 'False', 'invocation_command': 'dbt seed', 'debug': 'False', 'introspect': 'True', 'quiet': 'False', 'partial_parse': 'True', 'log_cache_events': 'False', 'cache_selected_only': 'False', 'profiles_dir': '/Users/neofirst/.dbt', 'empty': 'None', 'no_print': 'None', 'target_path': 'None', 'log_path': 'logs', 'use_colors': 'True', 'version_check': 'True', 'log_format': 'default', 'warn_error_options': 'WarnErrorOptionsV2(error=[], warn=[], silence=[])', 'printer_width': '80', 'send_anonymous_usage_stats': 'True', 'static_parser': 'True', 'warn_error': 'None', 'use_experimental_parser': 'False', 'indirect_selection': 'eager'}
[0m10:52:54.537130 [error] [MainThread]: Encountered an error:
Runtime Error
  No dbt_project.yml found at expected path /Users/neofirst/Library/Mobile Documents/com~apple~CloudDocs/20xx My Projects/pingpin-context/dbt_project.yml
  Verify that each entry within packages.yml (and their transitive dependencies) contains a file named dbt_project.yml
  
[0m10:52:54.538634 [debug] [MainThread]: Resource report: {"command_name": "seed", "command_success": false, "command_wall_clock_time": 0.041790083, "process_in_blocks": "0", "process_kernel_time": 0.117516, "process_mem_max_rss": "96862208", "process_out_blocks": "0", "process_user_time": 0.564267}
[0m10:52:54.538819 [debug] [MainThread]: Command `dbt seed` failed at 10:52:54.538774 after 0.04 seconds
[0m10:52:54.538955 [debug] [MainThread]: Sending event: {'category': 'dbt', 'action': 'invocation', 'label': 'end', 'context': [<snowplow_tracker.self_describing_json.SelfDescribingJson object at 0x109d52a90>, <snowplow_tracker.self_describing_json.SelfDescribingJson object at 0x10b1f4d30>, <snowplow_tracker.self_describing_json.SelfDescribingJson object at 0x10b1f4100>]}
[0m10:52:54.539091 [debug] [MainThread]: Flushing usage events
[0m10:52:54.808161 [debug] [MainThread]: An error was encountered while trying to flush usage events
